[2026-05-22 02:03:20] [PURCHASE] Purchase failed: Pokémon Trading Card Game: Mega Evolution Chaos Rising Elite Trainer Box - atc_evaluate_timeout
[2026-05-22 03:38:28] [SCREENSHOT] atc_button_not_ready — url=https://www.target.com/checkout — saved: logs/screenshots/debug_atc_button_not_ready_20260522_033828.png
[2026-05-22 03:38:28] [ATC_READY] Button not ready after 12.784306287765503s — url=https://www.target.com/checkout
DOM: <div id="__next"><button type="button" aria-hidden="true" id="staticShellLink" tabindex="-1" class="styles_ndsLink__GUaai h-display-flex"></button><div data-test="skipLinks" id="skipLinks"><a class="sc-a5fadc1d-0 hWRrAG h-sr-only h-sr-only-focusable" data-command="content" href="#content">skip to main content</a><a class="sc-a5fadc1d-0 hWRrAG h-sr-only h-sr-only-focusable" data-command="footer" href="#footerHeader">skip to footer</a></div><div><nav class="styles_header-minimal__lefmN styles_header-minimal--nav__BpTXp" data-test="header-nav"><a href="/" aria-label="Target home" data-test="header-tgtLogo" id="header-logo" class="styles_ndsLink__GUaai h-margin-h-tight styles_header-minimal-logo__9LnDo"><svg viewBox="0 0 24 24" width="44"><image height="100%" href="/icons-illustrations/v2/light/bullseye-tm.svg" width="100%" xlink:href="/icons-illustrations/v2/light/bullseye-tm.svg"></image></svg></a><h1 class="styles_ndsHeading__phw6r styles_fontSize1__OL7f3 styles_x2Margin__ZKMpf h-flex-align-center h-margin-b-none" data-test="header--leftNav-text"><span id="checkout-header" tabindex="-1">Checkout</span></h1></nav><div class="styles_spinner-overlay-container__lc5G8" data-test="spinnerOverlayContainer" data-visible="false" id="cartLoading" style="display: none;"><div class="styles_ndsSpinner__agM2w styles_selfCentering__NHmFV" id="cartLoading-spinner" data-test="spinner-presentation" style="--nds-spinner-color: var(--color-icon-disabled); --nds-spinner-size: var(--size-illustration-sm);"><span class="styles_ndsScreenReaderOnly__JErIH styles_notFocusable__MXmh8" role="alert">Loading content</span><svg class="styles_svg__u787v" version="1.1" viewBox="0 0 24 24"><defs><linearGradient gradientUnits="userSpaceOnUse" id="cartLoading-spinner-gradientSegment1" x1="10.818" x2="10.759" y1="1.666" y2="10.619"><stop offset="0" stop-opacity=".8"></stop><stop offset="1" stop-opacity=".4"></stop></linearGradient><linearGradient gradientUnits="userSpaceOnUse" id="cartLoading-spinner-gr

[2026-05-22 03:40:14] [PURCHASE] Purchase failed: Pokémon Trading Card Game: Mega Evolution Chaos Rising Elite Trainer Box - None
[2026-05-22 03:40:34] [PURCHASE] Purchase failed: 95267143 - lock_timeout
[2026-05-22 16:13:18] [SYSTEM] Not logged in to Target — monitoring halted to prevent failed purchases
